Warning: You are sending unauthenticated requests to the HF Hub. Please set a HF_TOKEN to enable higher rate limits and faster downloads.
Loading weights:   0%|          | 0/103 [00:00<?, ?it/s]Loading weights: 100%|##########| 103/103 [00:00<00:00, 8784.69it/s]
INFO:     Started server process [45264]
INFO:     Waiting for application startup.
INFO:     Application startup complete.
INFO:     Uvicorn running on http://127.0.0.1:8000 (Press CTRL+C to quit)
ERROR:    Exception in ASGI application
Traceback (most recent call last):
  File "C:\depi\graduation_project\KnowMate\venv\Lib\site-packages\uvicorn\protocols\http\httptools_impl.py", line 415, in run_asgi
    result = await app(  # type: ignore[func-returns-value]
             ^^^^^^^^^^^^^^^^^^^^^^^^^^^^^^^^^^^^^^^^^^^^^^
  File "C:\depi\graduation_project\KnowMate\venv\Lib\site-packages\uvicorn\middleware\proxy_headers.py", line 60, in __call__
    return await self.app(scope, receive, send)
           ^^^^^^^^^^^^^^^^^^^^^^^^^^^^^^^^^^^^
  File "C:\depi\graduation_project\KnowMate\venv\Lib\site-packages\fastapi\applications.py", line 1138, in __call__
    await super().__call__(scope, receive, send)
  File "C:\depi\graduation_project\KnowMate\venv\Lib\site-packages\starlette\applications.py", line 113, in __call__
    await self.middleware_stack(scope, receive, send)
  File "C:\depi\graduation_project\KnowMate\venv\Lib\site-packages\starlette\middleware\errors.py", line 186, in __call__
    raise exc
  File "C:\depi\graduation_project\KnowMate\venv\Lib\site-packages\starlette\middleware\errors.py", line 164, in __call__
    await self.app(scope, receive, _send)
  File "C:\depi\graduation_project\KnowMate\venv\Lib\site-packages\starlette\middleware\cors.py", line 85, in __call__
    await self.app(scope, receive, send)
  File "C:\depi\graduation_project\KnowMate\venv\Lib\site-packages\starlette\middleware\exceptions.py", line 63, in __call__
    await wrap_app_handling_exceptions(self.app, conn)(scope, receive, send)
  File "C:\depi\graduation_project\KnowMate\venv\Lib\site-packages\starlette\_exception_handler.py", line 53, in wrapped_app
    raise exc
  File "C:\depi\graduation_project\KnowMate\venv\Lib\site-packages\starlette\_exception_handler.py", line 42, in wrapped_app
    await app(scope, receive, sender)
  File "C:\depi\graduation_project\KnowMate\venv\Lib\site-packages\fastapi\middleware\asyncexitstack.py", line 18, in __call__
    await self.app(scope, receive, send)
  File "C:\depi\graduation_project\KnowMate\venv\Lib\site-packages\starlette\routing.py", line 716, in __call__
    await self.middleware_stack(scope, receive, send)
  File "C:\depi\graduation_project\KnowMate\venv\Lib\site-packages\starlette\routing.py", line 736, in app
    await route.handle(scope, receive, send)
  File "C:\depi\graduation_project\KnowMate\venv\Lib\site-packages\starlette\routing.py", line 290, in handle
    await self.app(scope, receive, send)
  File "C:\depi\graduation_project\KnowMate\venv\Lib\site-packages\fastapi\routing.py", line 121, in app
    await wrap_app_handling_exceptions(app, request)(scope, receive, send)
  File "C:\depi\graduation_project\KnowMate\venv\Lib\site-packages\starlette\_exception_handler.py", line 53, in wrapped_app
    raise exc
  File "C:\depi\graduation_project\KnowMate\venv\Lib\site-packages\starlette\_exception_handler.py", line 42, in wrapped_app
    await app(scope, receive, sender)
  File "C:\depi\graduation_project\KnowMate\venv\Lib\site-packages\fastapi\routing.py", line 107, in app
    response = await f(request)
               ^^^^^^^^^^^^^^^^
  File "C:\depi\graduation_project\KnowMate\venv\Lib\site-packages\fastapi\routing.py", line 426, in app
    raw_response = await run_endpoint_function(
                   ^^^^^^^^^^^^^^^^^^^^^^^^^^^^
  File "C:\depi\graduation_project\KnowMate\venv\Lib\site-packages\fastapi\routing.py", line 316, in run_endpoint_function
    return await run_in_threadpool(dependant.call, **values)
           ^^^^^^^^^^^^^^^^^^^^^^^^^^^^^^^^^^^^^^^^^^^^^^^^^
  File "C:\depi\graduation_project\KnowMate\venv\Lib\site-packages\starlette\concurrency.py", line 38, in run_in_threadpool
    return await anyio.to_thread.run_sync(func)
           ^^^^^^^^^^^^^^^^^^^^^^^^^^^^^^^^^^^^
  File "C:\depi\graduation_project\KnowMate\venv\Lib\site-packages\anyio\to_thread.py", line 63, in run_sync
    return await get_async_backend().run_sync_in_worker_thread(
           ^^^^^^^^^^^^^^^^^^^^^^^^^^^^^^^^^^^^^^^^^^^^^^^^^^^^
  File "C:\depi\graduation_project\KnowMate\venv\Lib\site-packages\anyio\_backends\_asyncio.py", line 2502, in run_sync_in_worker_thread
    return await future
           ^^^^^^^^^^^^
  File "C:\depi\graduation_project\KnowMate\venv\Lib\site-packages\anyio\_backends\_asyncio.py", line 986, in run
    result = context.run(func, *args)
             ^^^^^^^^^^^^^^^^^^^^^^^^
  File "C:\depi\graduation_project\KnowMate\app\Back_End\api\routes\chat.py", line 96, in chat
    return ChatResponse(
           ^^^^^^^^^^^^^
  File "C:\depi\graduation_project\KnowMate\venv\Lib\site-packages\pydantic\main.py", line 263, in __init__
    validated_self = self.__pydantic_validator__.validate_python(data, self_instance=self)
                     ^^^^^^^^^^^^^^^^^^^^^^^^^^^^^^^^^^^^^^^^^^^^^^^^^^^^^^^^^^^^^^^^^^^^^
pydantic_core._pydantic_core.ValidationError: 4 validation errors for ChatResponse
sources.0
  Input should be a valid dictionary [type=dict_type, input_value='uploads\\5a45be1e5d6b43a...f8359d60c36f76_Gig3.pdf', input_type=str]
    For further information visit https://errors.pydantic.dev/2.13/v/dict_type
sources.1
  Input should be a valid dictionary [type=dict_type, input_value='uploads\\3375e0165191407...61b5426aafe_meeting.txt', input_type=str]
    For further information visit https://errors.pydantic.dev/2.13/v/dict_type
sources.2
  Input should be a valid dictionary [type=dict_type, input_value='uploads\\f74d3139ab3a48e...8e0fedd94622c2_Gig3.pdf', input_type=str]
    For further information visit https://errors.pydantic.dev/2.13/v/dict_type
sources.3
  Input should be a valid dictionary [type=dict_type, input_value='uploads\\69f6ce2a472740f...abd8e3bc477d83_Gig3.pdf', input_type=str]
    For further information visit https://errors.pydantic.dev/2.13/v/dict_type
ERROR:    Exception in ASGI application
Traceback (most recent call last):
  File "C:\depi\graduation_project\KnowMate\venv\Lib\site-packages\uvicorn\protocols\http\httptools_impl.py", line 415, in run_asgi
    result = await app(  # type: ignore[func-returns-value]
             ^^^^^^^^^^^^^^^^^^^^^^^^^^^^^^^^^^^^^^^^^^^^^^
  File "C:\depi\graduation_project\KnowMate\venv\Lib\site-packages\uvicorn\middleware\proxy_headers.py", line 60, in __call__
    return await self.app(scope, receive, send)
           ^^^^^^^^^^^^^^^^^^^^^^^^^^^^^^^^^^^^
  File "C:\depi\graduation_project\KnowMate\venv\Lib\site-packages\fastapi\applications.py", line 1138, in __call__
    await super().__call__(scope, receive, send)
  File "C:\depi\graduation_project\KnowMate\venv\Lib\site-packages\starlette\applications.py", line 113, in __call__
    await self.middleware_stack(scope, receive, send)
  File "C:\depi\graduation_project\KnowMate\venv\Lib\site-packages\starlette\middleware\errors.py", line 186, in __call__
    raise exc
  File "C:\depi\graduation_project\KnowMate\venv\Lib\site-packages\starlette\middleware\errors.py", line 164, in __call__
    await self.app(scope, receive, _send)
  File "C:\depi\graduation_project\KnowMate\venv\Lib\site-packages\starlette\middleware\cors.py", line 85, in __call__
    await self.app(scope, receive, send)
  File "C:\depi\graduation_project\KnowMate\venv\Lib\site-packages\starlette\middleware\exceptions.py", line 63, in __call__
    await wrap_app_handling_exceptions(self.app, conn)(scope, receive, send)
  File "C:\depi\graduation_project\KnowMate\venv\Lib\site-packages\starlette\_exception_handler.py", line 53, in wrapped_app
    raise exc
  File "C:\depi\graduation_project\KnowMate\venv\Lib\site-packages\starlette\_exception_handler.py", line 42, in wrapped_app
    await app(scope, receive, sender)
  File "C:\depi\graduation_project\KnowMate\venv\Lib\site-packages\fastapi\middleware\asyncexitstack.py", line 18, in __call__
    await self.app(scope, receive, send)
  File "C:\depi\graduation_project\KnowMate\venv\Lib\site-packages\starlette\routing.py", line 716, in __call__
    await self.middleware_stack(scope, receive, send)
  File "C:\depi\graduation_project\KnowMate\venv\Lib\site-packages\starlette\routing.py", line 736, in app
    await route.handle(scope, receive, send)
  File "C:\depi\graduation_project\KnowMate\venv\Lib\site-packages\starlette\routing.py", line 290, in handle
    await self.app(scope, receive, send)
  File "C:\depi\graduation_project\KnowMate\venv\Lib\site-packages\fastapi\routing.py", line 121, in app
    await wrap_app_handling_exceptions(app, request)(scope, receive, send)
  File "C:\depi\graduation_project\KnowMate\venv\Lib\site-packages\starlette\_exception_handler.py", line 53, in wrapped_app
    raise exc
  File "C:\depi\graduation_project\KnowMate\venv\Lib\site-packages\starlette\_exception_handler.py", line 42, in wrapped_app
    await app(scope, receive, sender)
  File "C:\depi\graduation_project\KnowMate\venv\Lib\site-packages\fastapi\routing.py", line 107, in app
    response = await f(request)
               ^^^^^^^^^^^^^^^^
  File "C:\depi\graduation_project\KnowMate\venv\Lib\site-packages\fastapi\routing.py", line 426, in app
    raw_response = await run_endpoint_function(
                   ^^^^^^^^^^^^^^^^^^^^^^^^^^^^
  File "C:\depi\graduation_project\KnowMate\venv\Lib\site-packages\fastapi\routing.py", line 316, in run_endpoint_function
    return await run_in_threadpool(dependant.call, **values)
           ^^^^^^^^^^^^^^^^^^^^^^^^^^^^^^^^^^^^^^^^^^^^^^^^^
  File "C:\depi\graduation_project\KnowMate\venv\Lib\site-packages\starlette\concurrency.py", line 38, in run_in_threadpool
    return await anyio.to_thread.run_sync(func)
           ^^^^^^^^^^^^^^^^^^^^^^^^^^^^^^^^^^^^
  File "C:\depi\graduation_project\KnowMate\venv\Lib\site-packages\anyio\to_thread.py", line 63, in run_sync
    return await get_async_backend().run_sync_in_worker_thread(
           ^^^^^^^^^^^^^^^^^^^^^^^^^^^^^^^^^^^^^^^^^^^^^^^^^^^^
  File "C:\depi\graduation_project\KnowMate\venv\Lib\site-packages\anyio\_backends\_asyncio.py", line 2502, in run_sync_in_worker_thread
    return await future
           ^^^^^^^^^^^^
  File "C:\depi\graduation_project\KnowMate\venv\Lib\site-packages\anyio\_backends\_asyncio.py", line 986, in run
    result = context.run(func, *args)
             ^^^^^^^^^^^^^^^^^^^^^^^^
  File "C:\depi\graduation_project\KnowMate\app\Back_End\api\routes\chat.py", line 96, in chat
    return ChatResponse(
           ^^^^^^^^^^^^^
  File "C:\depi\graduation_project\KnowMate\venv\Lib\site-packages\pydantic\main.py", line 263, in __init__
    validated_self = self.__pydantic_validator__.validate_python(data, self_instance=self)
                     ^^^^^^^^^^^^^^^^^^^^^^^^^^^^^^^^^^^^^^^^^^^^^^^^^^^^^^^^^^^^^^^^^^^^^
pydantic_core._pydantic_core.ValidationError: 4 validation errors for ChatResponse
sources.0
  Input should be a valid dictionary [type=dict_type, input_value='uploads\\5a45be1e5d6b43a...f8359d60c36f76_Gig3.pdf', input_type=str]
    For further information visit https://errors.pydantic.dev/2.13/v/dict_type
sources.1
  Input should be a valid dictionary [type=dict_type, input_value='uploads\\3375e0165191407...61b5426aafe_meeting.txt', input_type=str]
    For further information visit https://errors.pydantic.dev/2.13/v/dict_type
sources.2
  Input should be a valid dictionary [type=dict_type, input_value='uploads\\f74d3139ab3a48e...8e0fedd94622c2_Gig3.pdf', input_type=str]
    For further information visit https://errors.pydantic.dev/2.13/v/dict_type
sources.3
  Input should be a valid dictionary [type=dict_type, input_value='uploads\\69f6ce2a472740f...abd8e3bc477d83_Gig3.pdf', input_type=str]
    For further information visit https://errors.pydantic.dev/2.13/v/dict_type
